###############################################################################
#
# IAR ELF Linker V8.40.1.212/W32 for ARM                  18/Nov/2019  22:41:22
# Copyright 2007-2019 IAR Systems AB.
#
#    Output file  =
#        E:\NEW\Embedded\ModernEmbeddedSystems\projects\Debug\Exe\project.out
#    Map file     =
#        E:\NEW\Embedded\ModernEmbeddedSystems\projects\Debug\List\project.map
#    Command line =
#        -f C:\Users\Vladimir\AppData\Local\Temp\EW96B2.tmp
#        (E:\NEW\Embedded\ModernEmbeddedSystems\projects\Debug\Obj\main.o
#        --no_out_extension -o
#        E:\NEW\Embedded\ModernEmbeddedSystems\projects\Debug\Exe\project.out
#        --redirect _Printf=_PrintfFullNoMb --redirect _Scanf=_ScanfFullNoMb
#        --map
#        E:\NEW\Embedded\ModernEmbeddedSystems\projects\Debug\List\project.map
#        --config "C:\Program Files (x86)\IAR Systems\Embedded Workbench
#        8.3\arm\config\linker\TexasInstruments\LM4F120E5QR.icf" --semihosting
#        --entry __iar_program_start --vfe --text_out locale)
#
###############################################################################

*******************************************************************************
*** RUNTIME MODEL ATTRIBUTES
***

CppFlavor       = *
__SystemLibrary = DLib
__dlib_version  = 6


*******************************************************************************
*** HEAP SELECTION
***

The basic heap was selected because some modules are built with
size limitations (and not runtime checking), and --advanced_heap
was not specified.


*******************************************************************************
*** PLACEMENT SUMMARY
***

"A0":  place at address 0x0 { ro section .intvec };
"P1":  place in [from 0x0 to 0x1'ffff] { ro };
define block CSTACK with size = 2K, alignment = 8 { };
define block HEAP with size = 8K, alignment = 8 { };
"P2":  place in [from 0x2000'0000 to 0x2000'7fff] {
          rw, block CSTACK, block HEAP };

No sections matched the following patterns:

  rw  in "P2"


  Section   Kind         Address   Size  Object
  -------   ----         -------   ----  ------
"A0":                              0x40
  .intvec   ro code          0x0   0x40  vector_table_M.o [4]
                          - 0x40   0x40

"P1":                              0x9c
  .text     ro code         0x40   0x22  main.o [1]
  .text     ro code         0x62    0x2  vector_table_M.o [4]
  .text     ro code         0x64   0x22  fpinit_M.o [3]
  .text     ro code         0x88   0x1e  cmain.o [4]
  .text     ro code         0xa6    0x4  low_level_init.o [2]
  .text     ro code         0xaa    0x4  exit.o [2]
  .text     ro code         0xb0    0xa  cexit.o [4]
  .text     ro code         0xbc   0x14  exit.o [5]
  .text     ro code         0xd0    0xc  cstartup_M.o [4]
                          - 0xdc   0x9c

"P2":                             0x800
  CSTACK             0x2000'0000  0x800  <Block>
    CSTACK  uninit   0x2000'0000  0x800  <Block tail>
                   - 0x2000'0800  0x800

Unused ranges:

         From           To      Size
         ----           --      ----
         0xdc     0x1'ffff  0x1'ff24
  0x2000'0800  0x2000'7fff    0x7800



*******************************************************************************
*** MODULE SUMMARY
***

    Module            ro code  rw data
    ------            -------  -------
command line/config:
    ----------------------------------
    Total:

E:\NEW\Embedded\ModernEmbeddedSystems\projects\Debug\Obj: [1]
    main.o                 34
    ----------------------------------
    Total:                 34

dl7M_tln.a: [2]
    exit.o                  4
    low_level_init.o        4
    ----------------------------------
    Total:                  8

m7M_tls.a: [3]
    fpinit_M.o             34
    ----------------------------------
    Total:                 34

rt7M_tl.a: [4]
    cexit.o                10
    cmain.o                30
    cstartup_M.o           12
    vector_table_M.o       66
    ----------------------------------
    Total:                118

shb_l.a: [5]
    exit.o                 20
    ----------------------------------
    Total:                 20

    Gaps                    6
    Linker created               2'048
--------------------------------------
    Grand Total:          220    2'048


*******************************************************************************
*** ENTRY LIST
***

Entry                     Address  Size  Type      Object
-----                     -------  ----  ----      ------
?main                        0x89        Code  Gb  cmain.o [4]
CSTACK$$Base          0x2000'0000         --   Gb  - Linker created -
CSTACK$$Limit         0x2000'0800         --   Gb  - Linker created -
Region$$Table$$Base           0x0         --   Gb  - Linker created -
Region$$Table$$Limit          0x0         --   Gb  - Linker created -
__cmain                      0x89        Code  Gb  cmain.o [4]
__exit                       0xbd  0x14  Code  Gb  exit.o [5]
__iar_init_vfp               0x65        Code  Gb  fpinit_M.o [3]
__iar_program_start          0xd1        Code  Gb  cstartup_M.o [4]
__low_level_init             0xa7   0x4  Code  Gb  low_level_init.o [2]
__vector_table                0x0        Data  Gb  vector_table_M.o [4]
_call_main                   0x95        Code  Gb  cmain.o [4]
_exit                        0xb1        Code  Gb  cexit.o [4]
_main                        0xa3        Code  Gb  cmain.o [4]
exit                         0xab   0x4  Code  Gb  exit.o [2]
main                         0x41  0x22  Code  Gb  main.o [1]


[1] = E:\NEW\Embedded\ModernEmbeddedSystems\projects\Debug\Obj
[2] = dl7M_tln.a
[3] = m7M_tls.a
[4] = rt7M_tl.a
[5] = shb_l.a

    220 bytes of readonly  code memory
  2'048 bytes of readwrite data memory

Errors: none
Warnings: none
